POST https://echovault.gg/v1/auth/register HTTP/1.1
Content-Type: application/json; charset=utf-8
Content-Length: 48

{
	"protocolVersion": 2,
	"pluginVersion": "0.8.3"
}

HTTP/1.1 200 OK https://echovault.gg/v1/auth/register
Date: Sat, 15 Aug 2026 13:36:04 GMT
Content-Type: application/json; charset=utf-8
Transfer-Encoding: chunked
Connection: keep-alive
Server: cloudflare
Server-Timing: cfCacheStatus;desc="DYNAMIC", cfEdge;dur=39,cfOrigin;dur=182

{
	"uploaderId": "ce04563c-f4b4-4825-a37e-d74162039343",
	"apiKey": "eak_5298da43ce67cb85684f30e0b603772623dbf63177dd305ea0b1dc7c5cd8ab1c",
	"hmacSecret": "ToZLzzpeGnWh4G3nZDttHfwZ056unnEUl7eZvkmsfHk="
}

POST https://echovault.gg/v1/auth/verify/start HTTP/1.1
Content-Type: application/json; charset=utf-8
X-Echo-KeyId: ce04563c-f4b4-4825-a37e-d74162039343
X-Echo-Timestamp: 1786800966
X-Echo-Nonce: ba9cc43434b542c3ab49232360c32ede
X-Echo-Signature: 0512e74cb29f558931c8bcaac2579447f827ec39230f23a7591c8907ee7b294e
Content-Length: 139

{
	"protocolVersion": 2,
	"lodestoneId": "11865425",
	"characterName": "Grell Sutcliff",
	"homeWorldName": "Excalibur",
	"contentId": "18014498549757469"
}

HTTP/1.1 409 Conflict https://echovault.gg/v1/auth/verify/start
Date: Sat, 15 Aug 2026 13:36:06 GMT
Content-Type: application/json; charset=utf-8
Transfer-Encoding: chunked
Connection: keep-alive
Server: cloudflare
Server-Timing: cfCacheStatus;desc="DYNAMIC", cfEdge;dur=43,cfOrigin;dur=201

{
	"error": "already_claimed"
}
